// Jest Snapshot v1, https://goo.gl/fbAQLP

exports[`renders 1`] = `
<DocumentFragment>
  <div
    class="single-button"
  >
    <button
      data-testid="button"
      type="button"
    />
  </div>
</DocumentFragment>
`;
